[1/30] 429, sleeping 8s (GR00T N1: An Open Foundation Model for G)
[1/30] 429, sleeping 16s (GR00T N1: An Open Foundation Model for G)
[1/30] 429, sleeping 24s (GR00T N1: An Open Foundation Model for G)
[1/30] 429, sleeping 32s (GR00T N1: An Open Foundation Model for G)
[1/30] 429, sleeping 40s (GR00T N1: An Open Foundation Model for G)
[1/30] 429, sleeping 48s (GR00T N1: An Open Foundation Model for G)
[2/30] 429, sleeping 8s (DexGraspNet: Generative Dexterous Graspi)
[2/30] 429, sleeping 16s (DexGraspNet: Generative Dexterous Graspi)
[2/30] 429, sleeping 24s (DexGraspNet: Generative Dexterous Graspi)
[2/30] 429, sleeping 32s (DexGraspNet: Generative Dexterous Graspi)
[2/30] 429, sleeping 40s (DexGraspNet: Generative Dexterous Graspi)
[2/30] 429, sleeping 48s (DexGraspNet: Generative Dexterous Graspi)
[3/30] 429, sleeping 8s (Genie: Generative Interactive Environmen)
[3/30] 429, sleeping 16s (Genie: Generative Interactive Environmen)
[3/30] 429, sleeping 24s (Genie: Generative Interactive Environmen)
[3/30] 2402.15391 | 2024 | Genie: Generative Interactive Environments | cites:798
[4/30] 429, sleeping 8s (NaVid: A Generalist Vision-Language-Acti)
[4/30] 429, sleeping 16s (NaVid: A Generalist Vision-Language-Acti)
[4/30] 429, sleeping 24s (NaVid: A Generalist Vision-Language-Acti)
[4/30] 429, sleeping 32s (NaVid: A Generalist Vision-Language-Acti)
[4/30] 429, sleeping 40s (NaVid: A Generalist Vision-Language-Acti)
[4/30] 429, sleeping 48s (NaVid: A Generalist Vision-Language-Acti)
[5/30] 429, sleeping 8s (Genesis: A Generative and Universal Phys)
[5/30] 429, sleeping 16s (Genesis: A Generative and Universal Phys)
[5/30] NO RESULT for Genesis: A Generative and Universal Physics Simula
[6/30] 429, sleeping 8s (Deploying Ten Thousand Robots: Scalable )
[6/30] 429, sleeping 16s (Deploying Ten Thousand Robots: Scalable )
[6/30] 429, sleeping 24s (Deploying Ten Thousand Robots: Scalable )
[6/30] 429, sleeping 32s (Deploying Ten Thousand Robots: Scalable )
[6/30] 429, sleeping 40s (Deploying Ten Thousand Robots: Scalable )
[6/30] 429, sleeping 48s (Deploying Ten Thousand Robots: Scalable )
[7/30] 429, sleeping 8s (PolyTouch: A Robust Multi-Modal Tactile )
[7/30] 429, sleeping 16s (PolyTouch: A Robust Multi-Modal Tactile )
[7/30] 429, sleeping 24s (PolyTouch: A Robust Multi-Modal Tactile )
[7/30] 429, sleeping 32s (PolyTouch: A Robust Multi-Modal Tactile )
[7/30] 429, sleeping 40s (PolyTouch: A Robust Multi-Modal Tactile )
[7/30] 429, sleeping 48s (PolyTouch: A Robust Multi-Modal Tactile )
[8/30] 429, sleeping 8s (Human-Agent Joint Learning for Efficient)
[8/30] 429, sleeping 16s (Human-Agent Joint Learning for Efficient)
[8/30] 429, sleeping 24s (Human-Agent Joint Learning for Efficient)
[8/30] 429, sleeping 32s (Human-Agent Joint Learning for Efficient)
[8/30] 429, sleeping 40s (Human-Agent Joint Learning for Efficient)
[8/30] 429, sleeping 48s (Human-Agent Joint Learning for Efficient)
[9/30] 429, sleeping 8s (No Plan but Everything under Control: Ro)
[9/30] 429, sleeping 16s (No Plan but Everything under Control: Ro)
[9/30] 429, sleeping 24s (No Plan but Everything under Control: Ro)
[9/30] 429, sleeping 32s (No Plan but Everything under Control: Ro)
[9/30] 2503.01732 | 2025 | No Plan but Everything Under Control: Robustly Solving Sequential Tasks with Dyn | cites:10
[10/30] 429, sleeping 8s (Do You Know Where Your Camera Is? View-I)
[10/30] 2510.02268 | 2025 | Do You Know Where Your Camera Is? View-Invariant Policy Learning with Camera Con | cites:15
[11/30] 429, sleeping 8s (Improving Vision-Language-Action Model w)
[11/30] 429, sleeping 16s (Improving Vision-Language-Action Model w)
[11/30] 429, sleeping 24s (Improving Vision-Language-Action Model w)
[11/30] 429, sleeping 32s (Improving Vision-Language-Action Model w)
[11/30] 429, sleeping 40s (Improving Vision-Language-Action Model w)
[11/30] 429, sleeping 48s (Improving Vision-Language-Action Model w)
[12/30] 429, sleeping 8s (BEHAVIOR-1K: A Large-Scale Benchmark for)
[12/30] 429, sleeping 16s (BEHAVIOR-1K: A Large-Scale Benchmark for)
[12/30] 429, sleeping 24s (BEHAVIOR-1K: A Large-Scale Benchmark for)
[12/30] 429, sleeping 32s (BEHAVIOR-1K: A Large-Scale Benchmark for)
[12/30] 429, sleeping 40s (BEHAVIOR-1K: A Large-Scale Benchmark for)
[12/30] 429, sleeping 48s (BEHAVIOR-1K: A Large-Scale Benchmark for)
[13/30] 429, sleeping 8s (RoboCasa: Large-Scale Simulation of Ever)
[13/30] 429, sleeping 16s (RoboCasa: Large-Scale Simulation of Ever)
[13/30] 429, sleeping 24s (RoboCasa: Large-Scale Simulation of Ever)
[13/30] 429, sleeping 32s (RoboCasa: Large-Scale Simulation of Ever)
[13/30] 429, sleeping 40s (RoboCasa: Large-Scale Simulation of Ever)
[13/30] 429, sleeping 48s (RoboCasa: Large-Scale Simulation of Ever)
[14/30] 429, sleeping 8s (LIBERO: Benchmarking Knowledge Transfer )
[14/30] 429, sleeping 16s (LIBERO: Benchmarking Knowledge Transfer )
[14/30] 429, sleeping 24s (LIBERO: Benchmarking Knowledge Transfer )
[14/30] 429, sleeping 32s (LIBERO: Benchmarking Knowledge Transfer )
[14/30] 429, sleeping 40s (LIBERO: Benchmarking Knowledge Transfer )
[14/30] 429, sleeping 48s (LIBERO: Benchmarking Knowledge Transfer )
[15/30] 429, sleeping 8s (DROID: A Large-Scale In-The-Wild Robot M)
[15/30] 429, sleeping 16s (DROID: A Large-Scale In-The-Wild Robot M)
[15/30] 429, sleeping 24s (DROID: A Large-Scale In-The-Wild Robot M)
[15/30] 429, sleeping 32s (DROID: A Large-Scale In-The-Wild Robot M)
[15/30] 429, sleeping 40s (DROID: A Large-Scale In-The-Wild Robot M)
[15/30] 429, sleeping 48s (DROID: A Large-Scale In-The-Wild Robot M)
[16/30] 429, sleeping 8s (HumanPlus: Humanoid Shadowing and Imitat)
[16/30] 429, sleeping 16s (HumanPlus: Humanoid Shadowing and Imitat)
[16/30] 429, sleeping 24s (HumanPlus: Humanoid Shadowing and Imitat)
[16/30] 429, sleeping 32s (HumanPlus: Humanoid Shadowing and Imitat)
[16/30] 429, sleeping 40s (HumanPlus: Humanoid Shadowing and Imitat)
[16/30] 429, sleeping 48s (HumanPlus: Humanoid Shadowing and Imitat)
[17/30] 429, sleeping 8s (OmniH2O: Learning Human-to-Humanoid Reta)
[17/30] 429, sleeping 16s (OmniH2O: Learning Human-to-Humanoid Reta)
[17/30] 429, sleeping 24s (OmniH2O: Learning Human-to-Humanoid Reta)
[17/30] NO RESULT for OmniH2O: Learning Human-to-Humanoid Retargeting fo
[18/30] 429, sleeping 8s (HIL-SERL: Imitating Human Demonstrations)
[18/30] 429, sleeping 16s (HIL-SERL: Imitating Human Demonstrations)
[18/30] 429, sleeping 24s (HIL-SERL: Imitating Human Demonstrations)
[18/30] 429, sleeping 32s (HIL-SERL: Imitating Human Demonstrations)
[18/30] 2608.15088 | 2026 | Max-Q Selective Imitation for Human-in-the-Loop Online Robot Learning | cites:0
[19/30] 429, sleeping 8s (DexMimicGen: Scaling Robot Learning with)
[19/30] 429, sleeping 16s (DexMimicGen: Scaling Robot Learning with)
[19/30] 429, sleeping 24s (DexMimicGen: Scaling Robot Learning with)
[19/30] 2603.07691 | 2026 | RoboPCA: Pose-centered Affordance Learning from Human Demonstrations for Robot M | cites:1
[20/30] 429, sleeping 8s (AnyTeleop: A General Vision-Based Dexter)
[20/30] 429, sleeping 16s (AnyTeleop: A General Vision-Based Dexter)
[20/30] 429, sleeping 24s (AnyTeleop: A General Vision-Based Dexter)
[20/30] 429, sleeping 32s (AnyTeleop: A General Vision-Based Dexter)
[20/30] 429, sleeping 40s (AnyTeleop: A General Vision-Based Dexter)
[20/30] 429, sleeping 48s (AnyTeleop: A General Vision-Based Dexter)
[21/30] 429, sleeping 8s (Rewind: Language-Guided Rewards Teach Ro)
[21/30] 429, sleeping 16s (Rewind: Language-Guided Rewards Teach Ro)
[21/30] 429, sleeping 24s (Rewind: Language-Guided Rewards Teach Ro)
[21/30] 429, sleeping 32s (Rewind: Language-Guided Rewards Teach Ro)
[21/30] 429, sleeping 40s (Rewind: Language-Guided Rewards Teach Ro)
[21/30] 429, sleeping 48s (Rewind: Language-Guided Rewards Teach Ro)
[22/30] 429, sleeping 8s (Robo-DM: Data Management for Large Robot)
[22/30] 429, sleeping 16s (Robo-DM: Data Management for Large Robot)
[22/30] 429, sleeping 24s (Robo-DM: Data Management for Large Robot)
[22/30] 429, sleeping 32s (Robo-DM: Data Management for Large Robot)
[22/30] 429, sleeping 40s (Robo-DM: Data Management for Large Robot)
[22/30] 429, sleeping 48s (Robo-DM: Data Management for Large Robot)
[23/30] 429, sleeping 8s (ALOHA 2: An Enhanced Low-Cost Hardware f)
[23/30] 429, sleeping 16s (ALOHA 2: An Enhanced Low-Cost Hardware f)
[23/30] 429, sleeping 24s (ALOHA 2: An Enhanced Low-Cost Hardware f)
[23/30] 429, sleeping 32s (ALOHA 2: An Enhanced Low-Cost Hardware f)
[23/30] 429, sleeping 40s (ALOHA 2: An Enhanced Low-Cost Hardware f)
[23/30] 429, sleeping 48s (ALOHA 2: An Enhanced Low-Cost Hardware f)
[24/30] 429, sleeping 8s (RT-1: Robotics Transformer for Real-Worl)
[24/30] 429, sleeping 16s (RT-1: Robotics Transformer for Real-Worl)
[24/30] 429, sleeping 24s (RT-1: Robotics Transformer for Real-Worl)
[24/30] 429, sleeping 32s (RT-1: Robotics Transformer for Real-Worl)
[24/30] 429, sleeping 40s (RT-1: Robotics Transformer for Real-Worl)
[24/30] 429, sleeping 48s (RT-1: Robotics Transformer for Real-Worl)
[25/30] 429, sleeping 8s (Gato: A Generalist Agent)
[25/30] 429, sleeping 16s (Gato: A Generalist Agent)
[25/30] 429, sleeping 24s (Gato: A Generalist Agent)
[25/30] 429, sleeping 32s (Gato: A Generalist Agent)
[25/30] 429, sleeping 40s (Gato: A Generalist Agent)
[25/30] 429, sleeping 48s (Gato: A Generalist Agent)
[26/30] 429, sleeping 8s (Executing Code-as-Policies for Robot Tas)
[26/30] 429, sleeping 16s (Executing Code-as-Policies for Robot Tas)
[26/30] 429, sleeping 24s (Executing Code-as-Policies for Robot Tas)
[26/30] 429, sleeping 32s (Executing Code-as-Policies for Robot Tas)
[26/30] 429, sleeping 40s (Executing Code-as-Policies for Robot Tas)
[26/30] 429, sleeping 48s (Executing Code-as-Policies for Robot Tas)
[27/30] 429, sleeping 8s (Vision-and-Language Navigation across Di)
[27/30] 429, sleeping 16s (Vision-and-Language Navigation across Di)
[27/30] 2509.13733 | 2025 | FSR-VLN: Fast and Slow Reasoning for Vision-Language Navigation with Hierarchica | cites:20
[28/30] 429, sleeping 8s (3D Diffuser Actor: Policy Diffusion for )
[28/30] 2402.10885 | 2024 | 3D Diffuser Actor: Policy Diffusion with 3D Scene Representations | cites:376
[29/30] 429, sleeping 8s (Deep Equivariant Multi-Agent Control Bar)
[29/30] 429, sleeping 16s (Deep Equivariant Multi-Agent Control Bar)
[29/30] 429, sleeping 24s (Deep Equivariant Multi-Agent Control Bar)
[29/30] 429, sleeping 32s (Deep Equivariant Multi-Agent Control Bar)
[29/30] 429, sleeping 40s (Deep Equivariant Multi-Agent Control Bar)
[29/30] 429, sleeping 48s (Deep Equivariant Multi-Agent Control Bar)
[30/30] 429, sleeping 8s (Control Barrier Functions: Applications )
[30/30] 429, sleeping 16s (Control Barrier Functions: Applications )
[30/30] 429, sleeping 24s (Control Barrier Functions: Applications )
[30/30] 429, sleeping 32s (Control Barrier Functions: Applications )
[30/30] 429, sleeping 40s (Control Barrier Functions: Applications )
[30/30] 429, sleeping 48s (Control Barrier Functions: Applications )
DONE 7 / 30
